---
source: crates/traits/tests/snapshots.rs
expression: "GroupEvent::MessageReceived\n{\n    group_id: gid(), epoch: EpochId(7), sender: mem_id(), payload:\n    b\"hi\".to_vec(), source_retention_secs: 0,\n}"
---
{
  "MessageReceived": {
    "group_id": [
      170,
      170,
      170,
      170
    ],
    "sender": [
      97,
      108,
      105,
      99,
      101
    ],
    "epoch": 7,
    "payload": [
      104,
      105
    ],
    "source_retention_secs": 0
  }
}
